TAP version 13
# Subtest: passes when lockfile is not changed
ok 1 - passes when lockfile is not changed
  ---
  duration_ms: 1.5501
  type: 'test'
  ...
# Subtest: passes when lockfile changed by refresh bot on correct branch
ok 2 - passes when lockfile changed by refresh bot on correct branch
  ---
  duration_ms: 0.205
  type: 'test'
  ...
# Subtest: fails when lockfile changed by regular user
ok 3 - fails when lockfile changed by regular user
  ---
  duration_ms: 0.1799
  type: 'test'
  ...
# Subtest: fails when lockfile changed by bot on wrong branch
ok 4 - fails when lockfile changed by bot on wrong branch
  ---
  duration_ms: 0.1361
  type: 'test'
  ...
# Subtest: passes for the refresh bot with a branch matching base dev
ok 5 - passes for the refresh bot with a branch matching base dev
  ---
  duration_ms: 0.1352
  type: 'test'
  ...
# Subtest: passes for the refresh bot with a branch matching base master
ok 6 - passes for the refresh bot with a branch matching base master
  ---
  duration_ms: 0.0805
  type: 'test'
  ...
# Subtest: passes for the refresh bot with a branch matching base release/stable
ok 7 - passes for the refresh bot with a branch matching base release/stable
  ---
  duration_ms: 0.0867
  type: 'test'
  ...
# Subtest: rejects refresh branch chore/refresh-lockfile-dev for someuser on base dev
ok 8 - rejects refresh branch chore/refresh-lockfile-dev for someuser on base dev
  ---
  duration_ms: 0.1345
  type: 'test'
  ...
# Subtest: rejects refresh branch chore/refresh-lockfile-master for github-actions[bot] on base dev
ok 9 - rejects refresh branch chore/refresh-lockfile-master for github-actions[bot] on base dev
  ---
  duration_ms: 0.1553
  type: 'test'
  ...
# Subtest: rejects refresh branch chore/refresh-lockfile-dev-extra for github-actions[bot] on base dev
ok 10 - rejects refresh branch chore/refresh-lockfile-dev-extra for github-actions[bot] on base dev
  ---
  duration_ms: 0.192
  type: 'test'
  ...
# Subtest: rejects refresh branch chore/refresh-lockfile-dev for github-actions[bot] on base (missing)
ok 11 - rejects refresh branch chore/refresh-lockfile-dev for github-actions[bot] on base (missing)
  ---
  duration_ms: 0.0893
  type: 'test'
  ...
# Subtest: buildComment: routes clean PRs to CodeRabbit or the Cursor fallback
ok 12 - buildComment: routes clean PRs to CodeRabbit or the Cursor fallback
  ---
  duration_ms: 1.0426
  type: 'test'
  ...
# Subtest: contributor policy keeps Greptile optional and rejects mandatory 5/5 claims
ok 13 - contributor policy keeps Greptile optional and rejects mandatory 5/5 claims
  ---
  duration_ms: 4.2398
  type: 'test'
  ...
# Subtest: findExistingComment: paginates until it finds the commitperclip comment
ok 14 - findExistingComment: paginates until it finds the commitperclip comment
  ---
  duration_ms: 1.2853
  type: 'test'
  ...
# Subtest: findExistingComment: returns null when no signed comment exists
ok 15 - findExistingComment: returns null when no signed comment exists
  ---
  duration_ms: 0.2895
  type: 'test'
  ...
# Subtest: the real PR workflow covers master and dev without a push event
ok 16 - the real PR workflow covers master and dev without a push event
  ---
  duration_ms: 8.0268
  type: 'test'
  ...
# Subtest: the policy job must run the stable Vitest runner regression suite
ok 17 - the policy job must run the stable Vitest runner regression suite
  ---
  duration_ms: 1.8164
  type: 'test'
  ...
# Subtest: removing dev fails for the exact missing-branch reason
ok 18 - removing dev fails for the exact missing-branch reason
  ---
  duration_ms: 2.5383
  type: 'test'
  ...
# Subtest: adding a push event fails even when pull-request coverage remains
ok 19 - adding a push event fails even when pull-request coverage remains
  ---
  duration_ms: 2.0487
  type: 'test'
  ...
# Subtest: a column-zero comment cannot hide a later event in the on block
ok 20 - a column-zero comment cannot hide a later event in the on block
  ---
  duration_ms: 1.2584
  type: 'test'
  ...
# Subtest: quoted or whitespace-padded push keys cannot bypass the no-push policy
ok 21 - quoted or whitespace-padded push keys cannot bypass the no-push policy
  ---
  duration_ms: 3.54
  type: 'test'
  ...
# Subtest: escaped and duplicate YAML keys fail closed instead of overriding the checked mapping
ok 22 - escaped and duplicate YAML keys fail closed instead of overriding the checked mapping
  ---
  duration_ms: 4.2697
  type: 'test'
  ...
# Subtest: the exact secret range and gate regression list cannot be removed
ok 23 - the exact secret range and gate regression list cannot be removed
  ---
  duration_ms: 1.9239
  type: 'test'
  ...
# Subtest: required policy tests may be reordered and split across unmasked node steps
ok 24 - required policy tests may be reordered and split across unmasked node steps
  ---
  duration_ms: 1.1637
  type: 'test'
  ...
# Subtest: comments, conditional steps, and masked test commands cannot impersonate active gates
ok 25 - comments, conditional steps, and masked test commands cannot impersonate active gates
  ---
  duration_ms: 4.1528
  type: 'test'
  ...
# Subtest: job defaults, continue-on-error, custom shells, and missing validations fail closed
ok 26 - job defaults, continue-on-error, custom shells, and missing validations fail closed
  ---
  duration_ms: 6.939
  type: 'test'
  ...
# Subtest: global and required-job execution context cannot replace the validated tools
ok 27 - global and required-job execution context cannot replace the validated tools
  ---
  duration_ms: 6.5763
  type: 'test'
  ...
# Subtest: manual inputs default to dev; the push trigger remains master only
ok 28 - manual inputs default to dev; the push trigger remains master only
  ---
  duration_ms: 7.1447
  type: 'test'
  ...
# Subtest: checkout ref can differ from the base; concurrency is separated by base
ok 29 - checkout ref can differ from the base; concurrency is separated by base
  ---
  duration_ms: 4.9406
  type: 'test'
  ...
# Subtest: dev refresh reuses only the matching head, base and repository owner
ok 30 - dev refresh reuses only the matching head, base and repository owner
  ---
  duration_ms: 376.9473
  type: 'test'
  ...
# Subtest: wrong-base, wrong-head and fork PRs cannot prevent creating a dev PR
ok 31 - wrong-base, wrong-head and fork PRs cannot prevent creating a dev PR
  ---
  duration_ms: 470.9676
  type: 'test'
  ...
# Subtest: master refresh still pushes and creates a PR targeting master
ok 32 - master refresh still pushes and creates a PR targeting master
  ---
  duration_ms: 460.5211
  type: 'test'
  ...
# Subtest: unchanged lockfile performs no push or PR operation
ok 33 - unchanged lockfile performs no push or PR operation
  ---
  duration_ms: 48.5707
  type: 'test'
  ...
# Subtest: invalid per-base branch is rejected before commit or push
ok 34 - invalid per-base branch is rejected before commit or push
  ---
  duration_ms: 118.541
  type: 'test'
  ...
# Subtest: the existing file-change gate permits only a lockfile refresh
ok 35 - the existing file-change gate permits only a lockfile refresh
  ---
  duration_ms: 330.1682
  type: 'test'
  ...
# Subtest: auto-merge remains master-only and requires a PR URL
ok 36 - auto-merge remains master-only and requires a PR URL
  ---
  duration_ms: 2.0014
  type: 'test'
  ...
# Subtest: PR policy accepts the exact bot branch and rejects mismatched base or author
ok 37 - PR policy accepts the exact bot branch and rejects mismatched base or author
  ---
  duration_ms: 3.4365
  type: 'test'
  ...
1..37
# tests 37
# suites 0
# pass 37
# fail 0
# cancelled 0
# skipped 0
# todo 0
# duration_ms 2095.1504
