TAP version 13
# Subtest: passes when lockfile is not changed
ok 1 - passes when lockfile is not changed
  ---
  duration_ms: 1.1414
  type: 'test'
  ...
# Subtest: passes when lockfile changed by refresh bot on correct branch
ok 2 - passes when lockfile changed by refresh bot on correct branch
  ---
  duration_ms: 0.1958
  type: 'test'
  ...
# Subtest: fails when lockfile changed by regular user
ok 3 - fails when lockfile changed by regular user
  ---
  duration_ms: 0.1886
  type: 'test'
  ...
# Subtest: fails when lockfile changed by bot on wrong branch
ok 4 - fails when lockfile changed by bot on wrong branch
  ---
  duration_ms: 0.1399
  type: 'test'
  ...
# Subtest: passes for the refresh bot with a branch matching base dev
ok 5 - passes for the refresh bot with a branch matching base dev
  ---
  duration_ms: 0.1146
  type: 'test'
  ...
# Subtest: passes for the refresh bot with a branch matching base master
ok 6 - passes for the refresh bot with a branch matching base master
  ---
  duration_ms: 0.0729
  type: 'test'
  ...
# Subtest: passes for the refresh bot with a branch matching base release/stable
ok 7 - passes for the refresh bot with a branch matching base release/stable
  ---
  duration_ms: 0.0976
  type: 'test'
  ...
# Subtest: rejects refresh branch chore/refresh-lockfile-dev for someuser on base dev
not ok 8 - rejects refresh branch chore/refresh-lockfile-dev for someuser on base dev
  ---
  duration_ms: 1.6048
  type: 'test'
  location: 'C:\\Dev\\cto-lanes-20261007\\wt\\L14\\.github\\scripts\\tests\\check-pr-lockfile.test.mjs:49:3'
  failureType: 'testCodeFailure'
  error: |-
    Expected values to be strictly equal:

    true !== false

  code: 'ERR_ASSERTION'
  name: 'AssertionError'
  expected: false
  actual: true
  operator: 'strictEqual'
  stack: |-
    TestContext.<anonymous> (file:///<repo>/.github/scripts/tests/check-pr-lockfile.test.mjs:51:12)
    Test.runInAsyncScope (node:async_hooks:227:14)
    Test.run (node:internal/test_runner/test:1325:25)
    Test.processPendingSubtests (node:internal/test_runner/test:911:18)
    Test.postRun (node:internal/test_runner/test:1465:19)
    Test.run (node:internal/test_runner/test:1390:12)
    async Test.processPendingSubtests (node:internal/test_runner/test:911:7)
  ...
# Subtest: rejects refresh branch chore/refresh-lockfile-master for github-actions[bot] on base dev
not ok 9 - rejects refresh branch chore/refresh-lockfile-master for github-actions[bot] on base dev
  ---
  duration_ms: 0.4231
  type: 'test'
  location: 'C:\\Dev\\cto-lanes-20261007\\wt\\L14\\.github\\scripts\\tests\\check-pr-lockfile.test.mjs:49:3'
  failureType: 'testCodeFailure'
  error: |-
    Expected values to be strictly equal:

    true !== false

  code: 'ERR_ASSERTION'
  name: 'AssertionError'
  expected: false
  actual: true
  operator: 'strictEqual'
  stack: |-
    TestContext.<anonymous> (file:///<repo>/.github/scripts/tests/check-pr-lockfile.test.mjs:51:12)
    Test.runInAsyncScope (node:async_hooks:227:14)
    Test.run (node:internal/test_runner/test:1325:25)
    Test.processPendingSubtests (node:internal/test_runner/test:911:18)
    Test.postRun (node:internal/test_runner/test:1465:19)
    Test.run (node:internal/test_runner/test:1390:12)
    async Test.processPendingSubtests (node:internal/test_runner/test:911:7)
  ...
# Subtest: rejects refresh branch chore/refresh-lockfile-dev-extra for github-actions[bot] on base dev
not ok 10 - rejects refresh branch chore/refresh-lockfile-dev-extra for github-actions[bot] on base dev
  ---
  duration_ms: 0.4324
  type: 'test'
  location: 'C:\\Dev\\cto-lanes-20261007\\wt\\L14\\.github\\scripts\\tests\\check-pr-lockfile.test.mjs:49:3'
  failureType: 'testCodeFailure'
  error: |-
    Expected values to be strictly equal:

    true !== false

  code: 'ERR_ASSERTION'
  name: 'AssertionError'
  expected: false
  actual: true
  operator: 'strictEqual'
  stack: |-
    TestContext.<anonymous> (file:///<repo>/.github/scripts/tests/check-pr-lockfile.test.mjs:51:12)
    Test.runInAsyncScope (node:async_hooks:227:14)
    Test.run (node:internal/test_runner/test:1325:25)
    Test.processPendingSubtests (node:internal/test_runner/test:911:18)
    Test.postRun (node:internal/test_runner/test:1465:19)
    Test.run (node:internal/test_runner/test:1390:12)
    async Test.processPendingSubtests (node:internal/test_runner/test:911:7)
  ...
# Subtest: rejects refresh branch chore/refresh-lockfile-dev for github-actions[bot] on base (missing)
not ok 11 - rejects refresh branch chore/refresh-lockfile-dev for github-actions[bot] on base (missing)
  ---
  duration_ms: 0.2728
  type: 'test'
  location: 'C:\\Dev\\cto-lanes-20261007\\wt\\L14\\.github\\scripts\\tests\\check-pr-lockfile.test.mjs:49:3'
  failureType: 'testCodeFailure'
  error: |-
    Expected values to be strictly equal:

    true !== false

  code: 'ERR_ASSERTION'
  name: 'AssertionError'
  expected: false
  actual: true
  operator: 'strictEqual'
  stack: |-
    TestContext.<anonymous> (file:///<repo>/.github/scripts/tests/check-pr-lockfile.test.mjs:51:12)
    Test.runInAsyncScope (node:async_hooks:227:14)
    Test.run (node:internal/test_runner/test:1325:25)
    Test.processPendingSubtests (node:internal/test_runner/test:911:18)
    Test.postRun (node:internal/test_runner/test:1465:19)
    Test.run (node:internal/test_runner/test:1390:12)
    async Test.processPendingSubtests (node:internal/test_runner/test:911:7)
  ...
1..11
# tests 11
# suites 0
# pass 7
# fail 4
# cancelled 0
# skipped 0
# todo 0
# duration_ms 180.5212
