TAP version 13
# Subtest: passes when lockfile is not changed
ok 1 - passes when lockfile is not changed
  ---
  duration_ms: 1.8427
  type: 'test'
  ...
# Subtest: passes when lockfile changed by refresh bot on correct branch
ok 2 - passes when lockfile changed by refresh bot on correct branch
  ---
  duration_ms: 0.2044
  type: 'test'
  ...
# Subtest: fails when lockfile changed by regular user
ok 3 - fails when lockfile changed by regular user
  ---
  duration_ms: 0.2079
  type: 'test'
  ...
# Subtest: fails when lockfile changed by bot on wrong branch
ok 4 - fails when lockfile changed by bot on wrong branch
  ---
  duration_ms: 0.1684
  type: 'test'
  ...
# Subtest: passes for the refresh bot with a branch matching base dev
ok 5 - passes for the refresh bot with a branch matching base dev
  ---
  duration_ms: 0.1798
  type: 'test'
  ...
# Subtest: passes for the refresh bot with a branch matching base master
ok 6 - passes for the refresh bot with a branch matching base master
  ---
  duration_ms: 0.0884
  type: 'test'
  ...
# Subtest: passes for the refresh bot with a branch matching base release/stable
ok 7 - passes for the refresh bot with a branch matching base release/stable
  ---
  duration_ms: 0.1438
  type: 'test'
  ...
# Subtest: rejects refresh branch chore/refresh-lockfile-dev for someuser on base dev
ok 8 - rejects refresh branch chore/refresh-lockfile-dev for someuser on base dev
  ---
  duration_ms: 0.1486
  type: 'test'
  ...
# Subtest: rejects refresh branch chore/refresh-lockfile-master for github-actions[bot] on base dev
ok 9 - rejects refresh branch chore/refresh-lockfile-master for github-actions[bot] on base dev
  ---
  duration_ms: 0.1837
  type: 'test'
  ...
# Subtest: rejects refresh branch chore/refresh-lockfile-dev-extra for github-actions[bot] on base dev
ok 10 - rejects refresh branch chore/refresh-lockfile-dev-extra for github-actions[bot] on base dev
  ---
  duration_ms: 0.3697
  type: 'test'
  ...
# Subtest: rejects refresh branch chore/refresh-lockfile-dev for github-actions[bot] on base (missing)
ok 11 - rejects refresh branch chore/refresh-lockfile-dev for github-actions[bot] on base (missing)
  ---
  duration_ms: 0.1328
  type: 'test'
  ...
1..11
# tests 11
# suites 0
# pass 11
# fail 0
# cancelled 0
# skipped 0
# todo 0
# duration_ms 177.2131
