TAP version 13
# Subtest: published packages preserve the patched ACPX runtime
ok 1 - published packages preserve the patched ACPX runtime
  ---
  duration_ms: 1.0969
  type: 'test'
  ...
# Subtest: published packages preserve the patched embedded-postgres runtime
ok 2 - published packages preserve the patched embedded-postgres runtime
  ---
  duration_ms: 0.1203
  type: 'test'
  ...
# Subtest: bundled package staging materializes publishConfig entrypoints
ok 3 - bundled package staging materializes publishConfig entrypoints
  ---
  duration_ms: 0.1968
  type: 'test'
  ...
# Subtest: bundled package staging materializes workspace dependency versions
ok 4 - bundled package staging materializes workspace dependency versions
  ---
  duration_ms: 0.1357
  type: 'test'
  ...
# Subtest: bundled package staging installs only dependencies included in the tarball
ok 5 - bundled package staging installs only dependencies included in the tarball
  ---
  duration_ms: 0.8445
  type: 'test'
  ...
# Subtest: bundled package staging rebuilds npm dependencies and applies the acpx patch
not ok 6 - bundled package staging rebuilds npm dependencies and applies the acpx patch
  ---
  duration_ms: 97.5145
  type: 'test'
  location: '<host-path>'
  failureType: 'testCodeFailure'
  error: |-
    Command failed: <host-path> /<host-path> <host-path> <host-path>
    node:internal/modules/cjs/loader:1520
      throw err;
      ^
    
    Error: Cannot find module '<host-path>'
        at Module._resolveFilename (node:internal/modules/cjs/loader:1517:15)
        at wrapResolveFilename (node:internal/modules/cjs/loader:1071:27)
        at defaultResolveImplForCJSLoading (node:internal/modules/cjs/loader:1095:10)
        at resolveForCJSWithHooks (node:internal/modules/cjs/loader:1122:12)
        at Module._load (node:internal/modules/cjs/loader:1294:5)
        at wrapModuleLoad (node:internal/modules/cjs/loader:255:19)
        at Module.executeUserEntryPoint [as runMain] (node:internal/modules/run_main:154:5)
        at node:internal/main/run_main_module:33:47 {
      code: 'MODULE_NOT_FOUND',
      requireStack: []
    }
    
    Node.js v24.18.0
    
  code: 'ERR_TEST_FAILURE'
  stack: |-
    Module._resolveFilename (node:internal/modules/cjs/loader:1517:15)
    wrapResolveFilename (node:internal/modules/cjs/loader:1071:27)
    defaultResolveImplForCJSLoading (node:internal/modules/cjs/loader:1095:10)
    resolveForCJSWithHooks (node:internal/modules/cjs/loader:1122:12)
    Module._load (node:internal/modules/cjs/loader:1294:5)
    wrapModuleLoad (node:internal/modules/cjs/loader:255:19)
    Module.executeUserEntryPoint [as runMain] (node:internal/modules/run_main:154:5)
    node:internal/main/run_main_module:33:47 {
    genericNodeError (node:internal/errors:985:15)
    wrappedFn (node:internal/errors:539:14)
    checkExecSyncError (node:child_process:925:11)
    execFileSync (node:child_process:961:15)
    TestContext.<anonymous> (fil<host-path>
    Test.runInAsyncScope (node:async_hooks:227:14)
    Test.run (node:internal/test_runner/test:1325:25)
    Test.processPendingSubtests (node:internal/test_runner/test:911:18)
    Test.postRun (node:internal/test_runner/test:1465:19)
    Test.run (node:internal/test_runner/test:1390:12)
  ...
# Subtest: bundled package dry runs preview without querying published versions
ok 7 - bundled package dry runs preview without querying published versions
  ---
  duration_ms: 0.2181
  type: 'test'
  ...
# Subtest: npm builds use corepack instead of requiring a global pnpm
ok 8 - npm builds use corepack instead of requiring a global pnpm
  ---
  duration_ms: 0.1506
  type: 'test'
  ...
1..8
# tests 8
# suites 0
# pass 7
# fail 1
# cancelled 0
# skipped 0
# todo 0
# duration_ms 232.0645
