Caller: C:/nvm4w/nodejs/node.exe --test --test-isolation=none scripts/embedded-postgres-pgctl.test.mjs
Exit code: 1
51:+                        || /$a/.test(value)
57:+                if (false) { // deliberate guard bypass for negative proof
60:+                if (false) { // deliberate guard bypass for negative proof
72:+                    if (false) delete env[key]; // deliberate guard bypass for negative proof
✔ start rejects the original ENOENT spawn error (3.7982ms)
✔ start rejects the original EACCES spawn error (1.114ms)
✔ start rejects nonzero exit with diagnostics (1.3625ms)
✔ stop rejects the original ENOENT spawn error (1.0294ms)
✔ stop rejects the original EACCES spawn error (1.5727ms)
✔ stop rejects nonzero exit with diagnostics (0.9697ms)
✔ start without custom flags preserves spaces and recovers the server PID (1.5272ms)
✖ Windows guard rejects invalid port values and types before side effects (1.4902ms)
✖ Windows guard rejects all custom flags and malformed flag types before side effects (1.0054ms)
✖ Windows guard rejects unsafe path characters and types before side effects (6.1168ms)
✖ Windows guard replaces inherited mixed-case COMSPEC without mutating the parent environment (1.7064ms)
✔ Windows guard accepts both port boundaries (1.4166ms)
✔ POSIX start bypasses Windows-only validation and retains executable preparation (0.6784ms)
✔ stop waits for pg_ctl fast shutdown instead of the old child exit (0.6519ms)
✔ POSIX stop still signals and waits for the server (0.7158ms)
ℹ tests 15
ℹ suites 0
ℹ pass 11
ℹ fail 4
ℹ cancelled 0
ℹ skipped 0
ℹ todo 0
ℹ duration_ms 43.9112

✖ failing tests:

test at scripts\embedded-postgres-pgctl.test.mjs:124:1
✖ Windows guard rejects invalid port values and types before side effects (1.4902ms)
  AssertionError [ERR_ASSERTION]: Missing expected rejection.
      at async rejectsBeforeEffects (file:///S:/source/CCAI/Assistants/.tmp/paperclip-pr117-correction-20260912/scripts/embedded-postgres-pgctl.test.mjs:118:3)
      at async TestContext.<anonymous> (file:///S:/source/CCAI/Assistants/.tmp/paperclip-pr117-correction-20260912/scripts/embedded-postgres-pgctl.test.mjs:128:5)
      at async Test.run (node:internal/test_runner/test:1332:7)
      at async Test.processPendingSubtests (node:internal/test_runner/test:911:7) {
    generatedMessage: false,
    code: 'ERR_ASSERTION',
    actual: undefined,
    expected: /^Error: Windows PostgreSQL port must be an integer from 1 to 65535$/,
    operator: 'rejects',
    diff: 'simple'
  }

test at scripts\embedded-postgres-pgctl.test.mjs:132:1
✖ Windows guard rejects all custom flags and malformed flag types before side effects (1.0054ms)
  AssertionError [ERR_ASSERTION]: Missing expected rejection.
      at async rejectsBeforeEffects (file:///S:/source/CCAI/Assistants/.tmp/paperclip-pr117-correction-20260912/scripts/embedded-postgres-pgctl.test.mjs:118:3)
      at async TestContext.<anonymous> (file:///S:/source/CCAI/Assistants/.tmp/paperclip-pr117-correction-20260912/scripts/embedded-postgres-pgctl.test.mjs:136:5)
      at async Test.run (node:internal/test_runner/test:1332:7)
      at async Test.processPendingSubtests (node:internal/test_runner/test:911:7) {
    generatedMessage: false,
    code: 'ERR_ASSERTION',
    actual: undefined,
    expected: /^Error: Custom postgresFlags are unsupported on Windows; use an empty array$/,
    operator: 'rejects',
    diff: 'simple'
  }

test at scripts\embedded-postgres-pgctl.test.mjs:140:1
✖ Windows guard rejects unsafe path characters and types before side effects (6.1168ms)
  AssertionError [ERR_ASSERTION]: Missing expected rejection.
      at async rejectsBeforeEffects (file:///S:/source/CCAI/Assistants/.tmp/paperclip-pr117-correction-20260912/scripts/embedded-postgres-pgctl.test.mjs:118:3)
      at async TestContext.<anonymous> (file:///S:/source/CCAI/Assistants/.tmp/paperclip-pr117-correction-20260912/scripts/embedded-postgres-pgctl.test.mjs:150:7)
      at async Test.run (node:internal/test_runner/test:1332:7)
      at async Test.processPendingSubtests (node:internal/test_runner/test:911:7) {
    generatedMessage: false,
    code: 'ERR_ASSERTION',
    actual: undefined,
    expected: /^Error: Unsupported Windows [\w ]+: requires a safe absolute drive path$/,
    operator: 'rejects',
    diff: 'simple'
  }

test at scripts\embedded-postgres-pgctl.test.mjs:155:1
✖ Windows guard replaces inherited mixed-case COMSPEC without mutating the parent environment (1.7064ms)
  AssertionError [ERR_ASSERTION]: Expected values to be strictly deep-equal:
  + actual - expected
  
    [
      'COMSPEC',
  +   'ComSpec',
  +   'comspec',
  +   'cOmSpEc'
    ]
  
      at TestContext.<anonymous> (file:///S:/source/CCAI/Assistants/.tmp/paperclip-pr117-correction-20260912/scripts/embedded-postgres-pgctl.test.mjs:163:10)
      at async Test.run (node:internal/test_runner/test:1332:7)
      at async Test.processPendingSubtests (node:internal/test_runner/test:911:7) {
    generatedMessage: true,
    code: 'ERR_ASSERTION',
    actual: [Array],
    expected: [Array],
    operator: 'deepStrictEqual',
    diff: 'simple'
  }
