✖ start rejects the original ENOENT spawn error (3.2345ms)
✖ start rejects the original EACCES spawn error (1.001ms)
✔ start rejects nonzero exit with diagnostics (1.2678ms)
✖ stop rejects the original ENOENT spawn error (1.5773ms)
✖ stop rejects the original EACCES spawn error (0.8275ms)
✔ stop rejects nonzero exit with diagnostics (3.7024ms)
✖ start preserves paths, quotes each server argument, and recovers the server PID (1.8014ms)
✖ stop waits for pg_ctl fast shutdown instead of the old child exit (0.8508ms)
✔ POSIX stop still signals and waits for the server (0.8654ms)
ℹ tests 9
ℹ suites 0
ℹ pass 3
ℹ fail 6
ℹ cancelled 0
ℹ skipped 0
ℹ todo 0
ℹ duration_ms 32.2036

✖ failing tests:

test at scripts\embedded-postgres-pgctl.test.mjs:84:5
✖ start rejects the original ENOENT spawn error (3.2345ms)
  AssertionError [ERR_ASSERTION]: start must set windowsHide

  false !== true

      at TestContext.<anonymous> (file:///S:/source/CCAI/Assistants/.tmp/paperclip-pr117-correction-20260912/scripts/embedded-postgres-pgctl.test.mjs:89:14)
      at async Test.run (node:internal/test_runner/test:1332:7)
      at async startSubtestAfterBootstrap (node:internal/test_runner/harness:385:3) {
    generatedMessage: false,
    code: 'ERR_ASSERTION',
    actual: false,
    expected: true,
    operator: 'strictEqual',
    diff: 'simple'
  }

test at scripts\embedded-postgres-pgctl.test.mjs:84:5
✖ start rejects the original EACCES spawn error (1.001ms)
  AssertionError [ERR_ASSERTION]: start must set windowsHide

  false !== true

      at TestContext.<anonymous> (file:///S:/source/CCAI/Assistants/.tmp/paperclip-pr117-correction-20260912/scripts/embedded-postgres-pgctl.test.mjs:89:14)
      at async Test.run (node:internal/test_runner/test:1332:7)
      at async Test.processPendingSubtests (node:internal/test_runner/test:911:7) {
    generatedMessage: false,
    code: 'ERR_ASSERTION',
    actual: false,
    expected: true,
    operator: 'strictEqual',
    diff: 'simple'
  }

test at scripts\embedded-postgres-pgctl.test.mjs:84:5
✖ stop rejects the original ENOENT spawn error (1.5773ms)
  AssertionError [ERR_ASSERTION]: stop must set windowsHide

  false !== true

      at TestContext.<anonymous> (file:///S:/source/CCAI/Assistants/.tmp/paperclip-pr117-correction-20260912/scripts/embedded-postgres-pgctl.test.mjs:89:14)
      at async Test.run (node:internal/test_runner/test:1332:7)
      at async Test.processPendingSubtests (node:internal/test_runner/test:911:7) {
    generatedMessage: false,
    code: 'ERR_ASSERTION',
    actual: false,
    expected: true,
    operator: 'strictEqual',
    diff: 'simple'
  }

test at scripts\embedded-postgres-pgctl.test.mjs:84:5
✖ stop rejects the original EACCES spawn error (0.8275ms)
  AssertionError [ERR_ASSERTION]: stop must set windowsHide

  false !== true

      at TestContext.<anonymous> (file:///S:/source/CCAI/Assistants/.tmp/paperclip-pr117-correction-20260912/scripts/embedded-postgres-pgctl.test.mjs:89:14)
      at async Test.run (node:internal/test_runner/test:1332:7)
      at async Test.processPendingSubtests (node:internal/test_runner/test:911:7) {
    generatedMessage: false,
    code: 'ERR_ASSERTION',
    actual: false,
    expected: true,
    operator: 'strictEqual',
    diff: 'simple'
  }

test at scripts\embedded-postgres-pgctl.test.mjs:99:1
✖ start preserves paths, quotes each server argument, and recovers the server PID (1.8014ms)
  AssertionError [ERR_ASSERTION]: start must set windowsHide

  false !== true

      at TestContext.<anonymous> (file:///S:/source/CCAI/Assistants/.tmp/paperclip-pr117-correction-20260912/scripts/embedded-postgres-pgctl.test.mjs:106:10)
      at async Test.run (node:internal/test_runner/test:1332:7)
      at async Test.processPendingSubtests (node:internal/test_runner/test:911:7) {
    generatedMessage: false,
    code: 'ERR_ASSERTION',
    actual: false,
    expected: true,
    operator: 'strictEqual',
    diff: 'simple'
  }

test at scripts\embedded-postgres-pgctl.test.mjs:114:1
✖ stop waits for pg_ctl fast shutdown instead of the old child exit (0.8508ms)
  AssertionError [ERR_ASSERTION]: stop must set windowsHide

  false !== true

      at TestContext.<anonymous> (file:///S:/source/CCAI/Assistants/.tmp/paperclip-pr117-correction-20260912/scripts/embedded-postgres-pgctl.test.mjs:118:10)
      at async Test.run (node:internal/test_runner/test:1332:7)
      at async Test.processPendingSubtests (node:internal/test_runner/test:911:7) {
    generatedMessage: false,
    code: 'ERR_ASSERTION',
    actual: false,
    expected: true,
    operator: 'strictEqual',
    diff: 'simple'
  }
